<html>
<body>
<pre>
<h1>µVision Build Log</h1>
<h2>Tool Versions:</h2>
IDE-Version: ¦ÌVision V5.21.1.0
Copyright (C) 2016 ARM Ltd and ARM Germany GmbH. All rights reserved.
License Information: l yh, 123, LIC=585FJ-UAS9I-9UK4U-SBQYC-TE5BM-WRH9T
 
Tool Versions:
Toolchain:       MDK-ARM Plus  Version: 5.21a
Toolchain Path:  D:\Keil_v5\ARM\ARMCC\Bin
C Compiler:      Armcc.exe V5.06 update 3 (build 300)
Assembler:       Armasm.exe V5.06 update 3 (build 300)
Linker/Locator:  ArmLink.exe V5.06 update 3 (build 300)
Library Manager: ArmAr.exe V5.06 update 3 (build 300)
Hex Converter:   FromElf.exe V5.06 update 3 (build 300)
CPU DLL:         SARMCM3.DLL V5.21a
Dialog DLL:      DCM.DLL V1.13.8.0
Target DLL:      STLink\ST-LINKIII-KEIL_SWO.dll V2.0.18.0
Dialog DLL:      TCM.DLL V1.14.14.0
 
<h2>Project:</h2>
E:\lyh\products\E-Paper\7.3inch\7.3inch_e-paper_code 7-color\stm32f103c8t6\USER\main.uvprojx
Project File Date:  09/04/2023

<h2>Output:</h2>
*** Using Compiler 'V5.06 update 3 (build 300)', folder: 'D:\Keil_v5\ARM\ARMCC\Bin'
Build target 'main'
compiling font16.c...
compiling font24.c...
compiling font20.c...
compiling font8.c...
compiling font12.c...
compiling image.c...
compiling delay.c...
assembling startup_stm32f10x_md.s...
compiling timer.c...
compiling 7in3_epd.c...
compiling system_stm32f10x.c...
compiling core_cm3.c...
compiling gpio.c...
compiling stm32f10x_it.c...
compiling usart.c...
compiling main.c...
compiling sys.c...
compiling epd_gui.c...
compiling misc.c...
compiling stm32f10x_gpio.c...
compiling stm32f10x_fsmc.c...
compiling stm32f10x_rcc.c...
compiling stm32f10x_usart.c...
compiling stm32f10x_spi.c...
compiling stm32f10x_bkp.c...
compiling stm32f10x_pwr.c...
compiling stm32f10x_tim.c...
compiling stm32f10x_rtc.c...
linking...
Program Size: Code=9824 RO-data=37948 RW-data=72 ZI-data=20040  
FromELF: creating hex file...
"..\OBJ\main.axf" - 0 Error(s), 0 Warning(s).

<h2>Collection of Component include folders:</h2>
  E:\lyh\products\E-Paper\7.3inch\7.3inch_e-paper_code 7-color\stm32f103c8t6\USER\RTE
  D:\Keil_v5\ARM\PACK\Keil\STM32F1xx_DFP\2.2.0\Device\Include

<h2>Collection of Component Files used:</h2>
Build Time Elapsed:  00:00:01
</pre>
</body>
</html>
